// Jest Snapshot v1, https://goo.gl/fbAQLP

exports[`utils stringify stringifies an object containing a function 1`] = `"[\\"foo\\",{\\"foo\\":\\"() => {}\\",\\"bar\\":\\"() => {}\\",\\"biz\\":\\"foo\\"}]"`;
